Archive member included to satisfy reference by file (symbol)

/Applications/ArmGNUToolchain/13.2.Rel1/arm-none-eabi/bin/../lib/gcc/arm-none-eabi/13.2.1/../../../../arm-none-eabi/lib/thumb/v7-m/nofp/libc_nano.a(libc_a-exit.o)
                              /Applications/ArmGNUToolchain/13.2.Rel1/arm-none-eabi/bin/../lib/gcc/arm-none-eabi/13.2.1/../../../../arm-none-eabi/lib/thumb/v7-m/nofp/crt0.o (exit)
/Applications/ArmGNUToolchain/13.2.Rel1/arm-none-eabi/bin/../lib/gcc/arm-none-eabi/13.2.1/../../../../arm-none-eabi/lib/thumb/v7-m/nofp/libc_nano.a(libc_a-findfp.o)
                              /Applications/ArmGNUToolchain/13.2.Rel1/arm-none-eabi/bin/../lib/gcc/arm-none-eabi/13.2.1/../../../../arm-none-eabi/lib/thumb/v7-m/nofp/libc_nano.a(libc_a-exit.o) (__stdio_exit_handler)
/Applications/ArmGNUToolchain/13.2.Rel1/arm-none-eabi/bin/../lib/gcc/arm-none-eabi/13.2.1/../../../../arm-none-eabi/lib/thumb/v7-m/nofp/libc_nano.a(libc_a-fwalk.o)
                              /Applications/ArmGNUToolchain/13.2.Rel1/arm-none-eabi/bin/../lib/gcc/arm-none-eabi/13.2.1/../../../../arm-none-eabi/lib/thumb/v7-m/nofp/libc_nano.a(libc_a-findfp.o) (_fwalk_sglue)
/Applications/ArmGNUToolchain/13.2.Rel1/arm-none-eabi/bin/../lib/gcc/arm-none-eabi/13.2.1/../../../../arm-none-eabi/lib/thumb/v7-m/nofp/libc_nano.a(libc_a-memset.o)
                              /Applications/ArmGNUToolchain/13.2.Rel1/arm-none-eabi/bin/../lib/gcc/arm-none-eabi/13.2.1/../../../../arm-none-eabi/lib/thumb/v7-m/nofp/crt0.o (memset)
/Applications/ArmGNUToolchain/13.2.Rel1/arm-none-eabi/bin/../lib/gcc/arm-none-eabi/13.2.1/../../../../arm-none-eabi/lib/thumb/v7-m/nofp/libc_nano.a(libc_a-impure.o)
                              /Applications/ArmGNUToolchain/13.2.Rel1/arm-none-eabi/bin/../lib/gcc/arm-none-eabi/13.2.1/../../../../arm-none-eabi/lib/thumb/v7-m/nofp/libc_nano.a(libc_a-findfp.o) (_impure_data)
/Applications/ArmGNUToolchain/13.2.Rel1/arm-none-eabi/bin/../lib/gcc/arm-none-eabi/13.2.1/../../../../arm-none-eabi/lib/thumb/v7-m/nofp/libc_nano.a(libc_a-init.o)
                              /Applications/ArmGNUToolchain/13.2.Rel1/arm-none-eabi/bin/../lib/gcc/arm-none-eabi/13.2.1/../../../../arm-none-eabi/lib/thumb/v7-m/nofp/crt0.o (__libc_init_array)
/Applications/ArmGNUToolchain/13.2.Rel1/arm-none-eabi/bin/../lib/gcc/arm-none-eabi/13.2.1/../../../../arm-none-eabi/lib/thumb/v7-m/nofp/libc_nano.a(libc_a-lock.o)
                              /Applications/ArmGNUToolchain/13.2.Rel1/arm-none-eabi/bin/../lib/gcc/arm-none-eabi/13.2.1/../../../../arm-none-eabi/lib/thumb/v7-m/nofp/libc_nano.a(libc_a-findfp.o) (__retarget_lock_init_recursive)
/Applications/ArmGNUToolchain/13.2.Rel1/arm-none-eabi/bin/../lib/gcc/arm-none-eabi/13.2.1/../../../../arm-none-eabi/lib/thumb/v7-m/nofp/libc_nano.a(libc_a-mallocr.o)
                              /Applications/ArmGNUToolchain/13.2.Rel1/arm-none-eabi/bin/../lib/gcc/arm-none-eabi/13.2.1/../../../../arm-none-eabi/lib/thumb/v7-m/nofp/libc_nano.a(libc_a-findfp.o) (_malloc_r)
/Applications/ArmGNUToolchain/13.2.Rel1/arm-none-eabi/bin/../lib/gcc/arm-none-eabi/13.2.1/../../../../arm-none-eabi/lib/thumb/v7-m/nofp/libc_nano.a(libc_a-fflush.o)
                              /Applications/ArmGNUToolchain/13.2.Rel1/arm-none-eabi/bin/../lib/gcc/arm-none-eabi/13.2.1/../../../../arm-none-eabi/lib/thumb/v7-m/nofp/libc_nano.a(libc_a-findfp.o) (_fflush_r)
/Applications/ArmGNUToolchain/13.2.Rel1/arm-none-eabi/bin/../lib/gcc/arm-none-eabi/13.2.1/../../../../arm-none-eabi/lib/thumb/v7-m/nofp/libc_nano.a(libc_a-mlock.o)
                              /Applications/ArmGNUToolchain/13.2.Rel1/arm-none-eabi/bin/../lib/gcc/arm-none-eabi/13.2.1/../../../../arm-none-eabi/lib/thumb/v7-m/nofp/libc_nano.a(libc_a-mallocr.o) (__malloc_lock)
/Applications/ArmGNUToolchain/13.2.Rel1/arm-none-eabi/bin/../lib/gcc/arm-none-eabi/13.2.1/../../../../arm-none-eabi/lib/thumb/v7-m/nofp/libc_nano.a(libc_a-stdio.o)
                              /Applications/ArmGNUToolchain/13.2.Rel1/arm-none-eabi/bin/../lib/gcc/arm-none-eabi/13.2.1/../../../../arm-none-eabi/lib/thumb/v7-m/nofp/libc_nano.a(libc_a-findfp.o) (__sread)
/Applications/ArmGNUToolchain/13.2.Rel1/arm-none-eabi/bin/../lib/gcc/arm-none-eabi/13.2.1/../../../../arm-none-eabi/lib/thumb/v7-m/nofp/libc_nano.a(libc_a-closer.o)
                              /Applications/ArmGNUToolchain/13.2.Rel1/arm-none-eabi/bin/../lib/gcc/arm-none-eabi/13.2.1/../../../../arm-none-eabi/lib/thumb/v7-m/nofp/libc_nano.a(libc_a-stdio.o) (_close_r)
/Applications/ArmGNUToolchain/13.2.Rel1/arm-none-eabi/bin/../lib/gcc/arm-none-eabi/13.2.1/../../../../arm-none-eabi/lib/thumb/v7-m/nofp/libc_nano.a(libc_a-reent.o)
                              /Applications/ArmGNUToolchain/13.2.Rel1/arm-none-eabi/bin/../lib/gcc/arm-none-eabi/13.2.1/../../../../arm-none-eabi/lib/thumb/v7-m/nofp/libc_nano.a(libc_a-closer.o) (errno)
[...]
Memory Configuration

Name             Origin             Length             Attributes
RAM              0x20000000         0x00005000         xrw
FLASH            0x08000000         0x00010000         xr
*default*        0x00000000         0xffffffff

Linker script and memory map

LOAD /Applications/ArmGNUToolchain/13.2.Rel1/arm-none-eabi/bin/../lib/gcc/arm-none-eabi/13.2.1/thumb/v7-m/nofp/crti.o
LOAD /Applications/ArmGNUToolchain/13.2.Rel1/arm-none-eabi/bin/../lib/gcc/arm-none-eabi/13.2.1/thumb/v7-m/nofp/crtbegin.o
LOAD /Applications/ArmGNUToolchain/13.2.Rel1/arm-none-eabi/bin/../lib/gcc/arm-none-eabi/13.2.1/../../../../arm-none-eabi/lib/thumb/v7-m/nofp/crt0.o
START GROUP
LOAD /Applications/ArmGNUToolchain/13.2.Rel1/arm-none-eabi/bin/../lib/gcc/arm-none-eabi/13.2.1/../../../../arm-none-eabi/lib/thumb/v7-m/nofp/libc_nano.a
LOAD /Applications/ArmGNUToolchain/13.2.Rel1/arm-none-eabi/bin/../lib/gcc/arm-none-eabi/13.2.1/../../../../arm-none-eabi/lib/thumb/v7-m/nofp/libm.a
END GROUP
LOAD CMakeFiles/stm32f103c8t6_template.dir/Core/Src/main.c.obj
LOAD CMakeFiles/stm32f103c8t6_template.dir/Core/Src/gpio.c.obj
LOAD CMakeFiles/stm32f103c8t6_template.dir/Core/Src/stm32f1xx_it.c.obj
LOAD CMakeFiles/stm32f103c8t6_template.dir/Core/Src/stm32f1xx_hal_msp.c.obj
LOAD CMakeFiles/stm32f103c8t6_template.dir/Drivers/STM32F1xx_HAL_Driver/Src/stm32f1xx_hal_gpio_ex.c.obj
LOAD CMakeFiles/stm32f103c8t6_template.dir/Drivers/STM32F1xx_HAL_Driver/Src/stm32f1xx_hal_tim.c.obj
LOAD CMakeFiles/stm32f103c8t6_template.dir/Drivers/STM32F1xx_HAL_Driver/Src/stm32f1xx_hal_tim_ex.c.obj
LOAD CMakeFiles/stm32f103c8t6_template.dir/Drivers/STM32F1xx_HAL_Driver/Src/stm32f1xx_hal.c.obj
LOAD CMakeFiles/stm32f103c8t6_template.dir/Drivers/STM32F1xx_HAL_Driver/Src/stm32f1xx_hal_rcc.c.obj
LOAD CMakeFiles/stm32f103c8t6_template.dir/Drivers/STM32F1xx_HAL_Driver/Src/stm32f1xx_hal_rcc_ex.c.obj
LOAD CMakeFiles/stm32f103c8t6_template.dir/Drivers/STM32F1xx_HAL_Driver/Src/stm32f1xx_hal_gpio.c.obj
LOAD CMakeFiles/stm32f103c8t6_template.dir/Drivers/STM32F1xx_HAL_Driver/Src/stm32f1xx_hal_dma.c.obj
LOAD CMakeFiles/stm32f103c8t6_template.dir/Drivers/STM32F1xx_HAL_Driver/Src/stm32f1xx_hal_cortex.c.obj
LOAD CMakeFiles/stm32f103c8t6_template.dir/Drivers/STM32F1xx_HAL_Driver/Src/stm32f1xx_hal_pwr.c.obj
LOAD CMakeFiles/stm32f103c8t6_template.dir/Drivers/STM32F1xx_HAL_Driver/Src/stm32f1xx_hal_flash.c.obj
LOAD CMakeFiles/stm32f103c8t6_template.dir/Drivers/STM32F1xx_HAL_Driver/Src/stm32f1xx_hal_flash_ex.c.obj
LOAD CMakeFiles/stm32f103c8t6_template.dir/Drivers/STM32F1xx_HAL_Driver/Src/stm32f1xx_hal_exti.c.obj
LOAD CMakeFiles/stm32f103c8t6_template.dir/Core/Src/system_stm32f1xx.c.obj
LOAD CMakeFiles/stm32f103c8t6_template.dir/Core/Src/sysmem.c.obj
LOAD CMakeFiles/stm32f103c8t6_template.dir/Core/Src/syscalls.c.obj
LOAD CMakeFiles/stm32f103c8t6_template.dir/startup_stm32f103xb.s.obj
START GROUP
LOAD /Applications/ArmGNUToolchain/13.2.Rel1/arm-none-eabi/bin/../lib/gcc/arm-none-eabi/13.2.1/thumb/v7-m/nofp/libgcc.a
LOAD /Applications/ArmGNUToolchain/13.2.Rel1/arm-none-eabi/bin/../lib/gcc/arm-none-eabi/13.2.1/../../../../arm-none-eabi/lib/thumb/v7-m/nofp/libg_nano.a
LOAD /Applications/ArmGNUToolchain/13.2.Rel1/arm-none-eabi/bin/../lib/gcc/arm-none-eabi/13.2.1/../../../../arm-none-eabi/lib/thumb/v7-m/nofp/libc_nano.a
END GROUP
START GROUP
LOAD /Applications/ArmGNUToolchain/13.2.Rel1/arm-none-eabi/bin/../lib/gcc/arm-none-eabi/13.2.1/thumb/v7-m/nofp/libgcc.a
LOAD /Applications/ArmGNUToolchain/13.2.Rel1/arm-none-eabi/bin/../lib/gcc/arm-none-eabi/13.2.1/../../../../arm-none-eabi/lib/thumb/v7-m/nofp/libc_nano.a
END GROUP
LOAD /Applications/ArmGNUToolchain/13.2.Rel1/arm-none-eabi/bin/../lib/gcc/arm-none-eabi/13.2.1/thumb/v7-m/nofp/crtend.o
LOAD /Applications/ArmGNUToolchain/13.2.Rel1/arm-none-eabi/bin/../lib/gcc/arm-none-eabi/13.2.1/thumb/v7-m/nofp/crtn.o
                0x20005000                        _estack = (ORIGIN (RAM) + LENGTH (RAM))
                0x00000200                        _Min_Heap_Size = 0x200
                0x00000400                        _Min_Stack_Size = 0x400

.isr_vector     0x08000000      0x10c
                0x08000000                        . = ALIGN (0x4)
 *(.isr_vector)
 .isr_vector    0x08000000      0x10c CMakeFiles/stm32f103c8t6_template.dir/startup_stm32f103xb.s.obj
                0x08000000                g_pfnVectors
                0x0800010c                        . = ALIGN (0x4)

.text           0x0800010c     0x11a8
                0x0800010c                        . = ALIGN (0x4)
 *(.text)
 *(.text*)
 .text.deregister_tm_clones
                0x0800010c       0x1c /Applications/ArmGNUToolchain/13.2.Rel1/arm-none-eabi/bin/../lib/gcc/arm-none-eabi/13.2.1/thumb/v7-m/nofp/crtbegin.o
 .text.register_tm_clones
                0x08000128       0x24 /Applications/ArmGNUToolchain/13.2.Rel1/arm-none-eabi/bin/../lib/gcc/arm-none-eabi/13.2.1/thumb/v7-m/nofp/crtbegin.o
 .text.__do_global_dtors_aux
                0x0800014c       0x28 /Applications/ArmGNUToolchain/13.2.Rel1/arm-none-eabi/bin/../lib/gcc/arm-none-eabi/13.2.1/thumb/v7-m/nofp/crtbegin.o
 .text.frame_dummy
                0x08000174       0x24 /Applications/ArmGNUToolchain/13.2.Rel1/arm-none-eabi/bin/../lib/gcc/arm-none-eabi/13.2.1/thumb/v7-m/nofp/crtbegin.o
 .text.memset   0x08000198       0x10 /Applications/ArmGNUToolchain/13.2.Rel1/arm-none-eabi/bin/../lib/gcc/arm-none-eabi/13.2.1/../../../../arm-none-eabi/lib/thumb/v7-m/nofp/libc_nano.a(libc_a-memset.o)
                0x08000198                memset
 .text.__libc_init_array
                0x080001a8       0x48 /Applications/ArmGNUToolchain/13.2.Rel1/arm-none-eabi/bin/../lib/gcc/arm-none-eabi/13.2.1/../../../../arm-none-eabi/lib/thumb/v7-m/nofp/libc_nano.a(libc_a-init.o)
                0x080001a8                __libc_init_array
 .text.main     0x080001f0       0x38 CMakeFiles/stm32f103c8t6_template.dir/Core/Src/main.c.obj
                0x080001f0                main
 .text.SystemClock_Config
                0x08000228       0x8a CMakeFiles/stm32f103c8t6_template.dir/Core/Src/main.c.obj
                0x08000228                SystemClock_Config
 .text.Error_Handler
                0x080002b2        0xc CMakeFiles/stm32f103c8t6_template.dir/Core/Src/main.c.obj
                0x080002b2                Error_Handler
 *fill*         0x080002be        0x2 
 .text.MX_GPIO_Init
                0x080002c0       0xcc CMakeFiles/stm32f103c8t6_template.dir/Core/Src/gpio.c.obj
                0x080002c0                MX_GPIO_Init
 .text.NMI_Handler
                0x0800038c        0x8 CMakeFiles/stm32f103c8t6_template.dir/Core/Src/stm32f1xx_it.c.obj
                0x0800038c                NMI_Handler
 .text.HardFault_Handler
                0x08000394        0x8 CMakeFiles/stm32f103c8t6_template.dir/Core/Src/stm32f1xx_it.c.obj
                0x08000394                HardFault_Handler
 .text.MemManage_Handler
                0x0800039c        0x8 CMakeFiles/stm32f103c8t6_template.dir/Core/Src/stm32f1xx_it.c.obj
                0x0800039c                MemManage_Handler
 .text.BusFault_Handler
                0x080003a4        0x8 CMakeFiles/stm32f103c8t6_template.dir/Core/Src/stm32f1xx_it.c.obj
                0x080003a4                BusFault_Handler
 .text.UsageFault_Handler
                0x080003ac        0x8 CMakeFiles/stm32f103c8t6_template.dir/Core/Src/stm32f1xx_it.c.obj
                0x080003ac                UsageFault_Handler
 .text.SVC_Handler
                0x080003b4        0xc CMakeFiles/stm32f103c8t6_template.dir/Core/Src/stm32f1xx_it.c.obj
                0x080003b4                SVC_Handler
 .text.DebugMon_Handler
                0x080003c0        0xc CMakeFiles/stm32f103c8t6_template.dir/Core/Src/stm32f1xx_it.c.obj
                0x080003c0                DebugMon_Handler
 .text.PendSV_Handler
                0x080003cc        0xc CMakeFiles/stm32f103c8t6_template.dir/Core/Src/stm32f1xx_it.c.obj
                0x080003cc                PendSV_Handler
 .text.SysTick_Handler
                0x080003d8        0xc CMakeFiles/stm32f103c8t6_template.dir/Core/Src/stm32f1xx_it.c.obj
                0x080003d8                SysTick_Handler
 .text.HAL_MspInit
                0x080003e4       0x64 CMakeFiles/stm32f103c8t6_template.dir/Core/Src/stm32f1xx_hal_msp.c.obj
                0x080003e4                HAL_MspInit
 .text.HAL_Init
                0x08000448       0x2c CMakeFiles/stm32f103c8t6_template.dir/Drivers/STM32F1xx_HAL_Driver/Src/stm32f1xx_hal.c.obj
                0x08000448                HAL_Init
 .text.HAL_InitTick
                0x08000474       0x60 CMakeFiles/stm32f103c8t6_template.dir/Drivers/STM32F1xx_HAL_Driver/Src/stm32f1xx_hal.c.obj
                0x08000474                HAL_InitTick
 .text.HAL_IncTick
                0x080004d4       0x24 CMakeFiles/stm32f103c8t6_template.dir/Drivers/STM32F1xx_HAL_Driver/Src/stm32f1xx_hal.c.obj
                0x080004d4                HAL_IncTick
 .text.HAL_GetTick
                0x080004f8       0x14 CMakeFiles/stm32f103c8t6_template.dir/Drivers/STM32F1xx_HAL_Driver/Src/stm32f1xx_hal.c.obj
                0x080004f8                HAL_GetTick
 .text.HAL_Delay
                0x0800050c       0x48 CMakeFiles/stm32f103c8t6_template.dir/Drivers/STM32F1xx_HAL_Driver/Src/stm32f1xx_hal.c.obj
                0x0800050c                HAL_Delay
 .text.HAL_RCC_OscConfig
                0x08000554      0x504 CMakeFiles/stm32f103c8t6_template.dir/Drivers/STM32F1xx_HAL_Driver/Src/stm32f1xx_hal_rcc.c.obj
                0x08000554                HAL_RCC_OscConfig
 .text.HAL_RCC_ClockConfig
                0x08000a58      0x1d4 CMakeFiles/stm32f103c8t6_template.dir/Drivers/STM32F1xx_HAL_Driver/Src/stm32f1xx_hal_rcc.c.obj
                0x08000a58                HAL_RCC_ClockConfig
 .text.HAL_RCC_GetSysClockFreq
                0x08000c2c       0xa8 CMakeFiles/stm32f103c8t6_template.dir/Drivers/STM32F1xx_HAL_Driver/Src/stm32f1xx_hal_rcc.c.obj
                0x08000c2c                HAL_RCC_GetSysClockFreq
 .text.RCC_Delay
                0x08000cd4       0x3c CMakeFiles/stm32f103c8t6_template.dir/Drivers/STM32F1xx_HAL_Driver/Src/stm32f1xx_hal_rcc.c.obj
 .text.HAL_GPIO_Init
                0x08000d10      0x308 CMakeFiles/stm32f103c8t6_template.dir/Drivers/STM32F1xx_HAL_Driver/Src/stm32f1xx_hal_gpio.c.obj
                0x08000d10                HAL_GPIO_Init
 .text.HAL_GPIO_WritePin
                0x08001018       0x30 CMakeFiles/stm32f103c8t6_template.dir/Drivers/STM32F1xx_HAL_Driver/Src/stm32f1xx_hal_gpio.c.obj
                0x08001018                HAL_GPIO_WritePin
 .text.HAL_GPIO_TogglePin
                0x08001048       0x32 CMakeFiles/stm32f103c8t6_template.dir/Drivers/STM32F1xx_HAL_Driver/Src/stm32f1xx_hal_gpio.c.obj
                0x08001048                HAL_GPIO_TogglePin
 *fill*         0x0800107a        0x2 
 .text.__NVIC_SetPriorityGrouping
                0x0800107c       0x48 CMakeFiles/stm32f103c8t6_template.dir/Drivers/STM32F1xx_HAL_Driver/Src/stm32f1xx_hal_cortex.c.obj
 .text.__NVIC_GetPriorityGrouping
                0x080010c4       0x1c CMakeFiles/stm32f103c8t6_template.dir/Drivers/STM32F1xx_HAL_Driver/Src/stm32f1xx_hal_cortex.c.obj
 .text.__NVIC_SetPriority
                0x080010e0       0x54 CMakeFiles/stm32f103c8t6_template.dir/Drivers/STM32F1xx_HAL_Driver/Src/stm32f1xx_hal_cortex.c.obj
 .text.NVIC_EncodePriority
                0x08001134       0x64 CMakeFiles/stm32f103c8t6_template.dir/Drivers/STM32F1xx_HAL_Driver/Src/stm32f1xx_hal_cortex.c.obj
 .text.SysTick_Config
                0x08001198       0x44 CMakeFiles/stm32f103c8t6_template.dir/Drivers/STM32F1xx_HAL_Driver/Src/stm32f1xx_hal_cortex.c.obj
 .text.HAL_NVIC_SetPriorityGrouping
                0x080011dc       0x16 CMakeFiles/stm32f103c8t6_template.dir/Drivers/STM32F1xx_HAL_Driver/Src/stm32f1xx_hal_cortex.c.obj
                0x080011dc                HAL_NVIC_SetPriorityGrouping
 .text.HAL_NVIC_SetPriority
                0x080011f2       0x38 CMakeFiles/stm32f103c8t6_template.dir/Drivers/STM32F1xx_HAL_Driver/Src/stm32f1xx_hal_cortex.c.obj
                0x080011f2                HAL_NVIC_SetPriority
 .text.HAL_SYSTICK_Config
                0x0800122a       0x18 CMakeFiles/stm32f103c8t6_template.dir/Drivers/STM32F1xx_HAL_Driver/Src/stm32f1xx_hal_cortex.c.obj
                0x0800122a                HAL_SYSTICK_Config
 .text.SystemInit
                0x08001242        0xc CMakeFiles/stm32f103c8t6_template.dir/Core/Src/system_stm32f1xx.c.obj
                0x08001242                SystemInit
 *fill*         0x0800124e        0x2 
 .text.Reset_Handler
                0x08001250       0x48 CMakeFiles/stm32f103c8t6_template.dir/startup_stm32f103xb.s.obj
                0x08001250                Reset_Handler
 .text.Default_Handler
                0x08001298        0x2 CMakeFiles/stm32f103c8t6_template.dir/startup_stm32f103xb.s.obj
                0x08001298                USBWakeUp_IRQHandler
                0x08001298                EXTI2_IRQHandler
                0x08001298                TIM1_CC_IRQHandler
                0x08001298                PVD_IRQHandler
                0x08001298                EXTI3_IRQHandler
                0x08001298                EXTI0_IRQHandler
                0x08001298                I2C2_EV_IRQHandler
                0x08001298                ADC1_2_IRQHandler
                0x08001298                SPI1_IRQHandler
                0x08001298                TAMPER_IRQHandler
                0x08001298                DMA1_Channel4_IRQHandler
                0x08001298                USART3_IRQHandler
                0x08001298                RTC_IRQHandler
                0x08001298                DMA1_Channel7_IRQHandler
                0x08001298                CAN1_RX1_IRQHandler
                0x08001298                TIM4_IRQHandler
                0x08001298                I2C1_EV_IRQHandler
                0x08001298                DMA1_Channel6_IRQHandler
                0x08001298                TIM3_IRQHandler
                0x08001298                RCC_IRQHandler
                0x08001298                TIM1_TRG_COM_IRQHandler
                0x08001298                DMA1_Channel1_IRQHandler
                0x08001298                Default_Handler
                0x08001298                EXTI15_10_IRQHandler
                0x08001298                EXTI9_5_IRQHandler
                0x08001298                SPI2_IRQHandler
                0x08001298                DMA1_Channel5_IRQHandler
                0x08001298                EXTI4_IRQHandler
                0x08001298                USB_LP_CAN1_RX0_IRQHandler
                0x08001298                USB_HP_CAN1_TX_IRQHandler
                0x08001298                DMA1_Channel3_IRQHandler
                0x08001298                TIM1_UP_IRQHandler
                0x08001298                WWDG_IRQHandler
                0x08001298                TIM2_IRQHandler
                0x08001298                TIM1_BRK_IRQHandler
                0x08001298                EXTI1_IRQHandler
                0x08001298                USART2_IRQHandler
                0x08001298                I2C2_ER_IRQHandler
                0x08001298                DMA1_Channel2_IRQHandler
                0x08001298                CAN1_SCE_IRQHandler
                0x08001298                FLASH_IRQHandler
                0x08001298                USART1_IRQHandler
                0x08001298                I2C1_ER_IRQHandler
                0x08001298                RTC_Alarm_IRQHandler
 *(.glue_7)
 .glue_7        0x0800129a        0x0 linker stubs
 *(.glue_7t)
 .glue_7t       0x0800129a        0x0 linker stubs
 *(.eh_frame)
 *fill*         0x0800129a        0x2 
 .eh_frame      0x0800129c        0x0 /Applications/ArmGNUToolchain/13.2.Rel1/arm-none-eabi/bin/../lib/gcc/arm-none-eabi/13.2.1/thumb/v7-m/nofp/crtbegin.o
 *(.init)
 .init          0x0800129c        0x4 /Applications/ArmGNUToolchain/13.2.Rel1/arm-none-eabi/bin/../lib/gcc/arm-none-eabi/13.2.1/thumb/v7-m/nofp/crti.o
                0x0800129c                _init
 .init          0x080012a0        0x8 /Applications/ArmGNUToolchain/13.2.Rel1/arm-none-eabi/bin/../lib/gcc/arm-none-eabi/13.2.1/thumb/v7-m/nofp/crtn.o
 *(.fini)
 .fini          0x080012a8        0x4 /Applications/ArmGNUToolchain/13.2.Rel1/arm-none-eabi/bin/../lib/gcc/arm-none-eabi/13.2.1/thumb/v7-m/nofp/crti.o
                0x080012a8                _fini
 .fini          0x080012ac        0x8 /Applications/ArmGNUToolchain/13.2.Rel1/arm-none-eabi/bin/../lib/gcc/arm-none-eabi/13.2.1/thumb/v7-m/nofp/crtn.o
                0x080012b4                        . = ALIGN (0x4)
                0x080012b4                        _etext = .

.vfp11_veneer   0x080012b4        0x0
 .vfp11_veneer  0x080012b4        0x0 linker stubs

.v4_bx          0x080012b4        0x0
 .v4_bx         0x080012b4        0x0 linker stubs

.iplt           0x080012b4        0x0
 .iplt          0x080012b4        0x0 /Applications/ArmGNUToolchain/13.2.Rel1/arm-none-eabi/bin/../lib/gcc/arm-none-eabi/13.2.1/thumb/v7-m/nofp/crtbegin.o

.rodata         0x080012b4       0x24
                0x080012b4                        . = ALIGN (0x4)
 *(.rodata)
 *(.rodata*)
 .rodata.aPLLMULFactorTable.1
                0x080012b4       0x10 CMakeFiles/stm32f103c8t6_template.dir/Drivers/STM32F1xx_HAL_Driver/Src/stm32f1xx_hal_rcc.c.obj
 .rodata.aPredivFactorTable.0
                0x080012c4        0x2 CMakeFiles/stm32f103c8t6_template.dir/Drivers/STM32F1xx_HAL_Driver/Src/stm32f1xx_hal_rcc.c.obj
 *fill*         0x080012c6        0x2 
 .rodata.AHBPrescTable
                0x080012c8       0x10 CMakeFiles/stm32f103c8t6_template.dir/Core/Src/system_stm32f1xx.c.obj
                0x080012c8                AHBPrescTable
                0x080012d8                        . = ALIGN (0x4)

.rel.dyn        0x080012d8        0x0
 .rel.iplt      0x080012d8        0x0 /Applications/ArmGNUToolchain/13.2.Rel1/arm-none-eabi/bin/../lib/gcc/arm-none-eabi/13.2.1/thumb/v7-m/nofp/crtbegin.o

.ARM.extab
 *(.ARM.extab* .gnu.linkonce.armextab.*)

.ARM            0x080012d8        0x0
                0x080012d8                        __exidx_start = .
 *(.ARM.exidx*)
                0x080012d8                        __exidx_end = .

.preinit_array  0x080012d8        0x0
                0x080012d8                        PROVIDE (__preinit_array_start = .)
 *(.preinit_array*)
                0x080012d8                        PROVIDE (__preinit_array_end = .)

.init_array     0x080012d8        0x4
                0x080012d8                        PROVIDE (__init_array_start = .)
 *(SORT_BY_NAME(.init_array.*))
 *(.init_array*)
 .init_array    0x080012d8        0x4 /Applications/ArmGNUToolchain/13.2.Rel1/arm-none-eabi/bin/../lib/gcc/arm-none-eabi/13.2.1/thumb/v7-m/nofp/crtbegin.o
                0x080012dc                        PROVIDE (__init_array_end = .)

.fini_array     0x080012dc        0x4
                [!provide]                        PROVIDE (__fini_array_start = .)
 *(SORT_BY_NAME(.fini_array.*))
 *(.fini_array*)
 .fini_array    0x080012dc        0x4 /Applications/ArmGNUToolchain/13.2.Rel1/arm-none-eabi/bin/../lib/gcc/arm-none-eabi/13.2.1/thumb/v7-m/nofp/crtbegin.o
                [!provide]                        PROVIDE (__fini_array_end = .)
                0x080012e0                        _sidata = LOADADDR (.data)

.data           0x20000000        0xc load address 0x080012e0
                0x20000000                        . = ALIGN (0x4)
                0x20000000                        _sdata = .
 *(.data)
 *(.data*)
 .data.uwTickPrio
                0x20000000        0x4 CMakeFiles/stm32f103c8t6_template.dir/Drivers/STM32F1xx_HAL_Driver/Src/stm32f1xx_hal.c.obj
                0x20000000                uwTickPrio
 .data.uwTickFreq
                0x20000004        0x1 CMakeFiles/stm32f103c8t6_template.dir/Drivers/STM32F1xx_HAL_Driver/Src/stm32f1xx_hal.c.obj
                0x20000004                uwTickFreq
 *fill*         0x20000005        0x3 
 .data.SystemCoreClock
                0x20000008        0x4 CMakeFiles/stm32f103c8t6_template.dir/Core/Src/system_stm32f1xx.c.obj
                0x20000008                SystemCoreClock
                0x2000000c                        . = ALIGN (0x4)
                0x2000000c                        _edata = .

.tm_clone_table
                0x2000000c        0x0 load address 0x080012ec
 .tm_clone_table
                0x2000000c        0x0 /Applications/ArmGNUToolchain/13.2.Rel1/arm-none-eabi/bin/../lib/gcc/arm-none-eabi/13.2.1/thumb/v7-m/nofp/crtbegin.o
 .tm_clone_table
                0x2000000c        0x0 /Applications/ArmGNUToolchain/13.2.Rel1/arm-none-eabi/bin/../lib/gcc/arm-none-eabi/13.2.1/thumb/v7-m/nofp/crtend.o

.igot.plt       0x2000000c        0x0 load address 0x080012ec
 .igot.plt      0x2000000c        0x0 /Applications/ArmGNUToolchain/13.2.Rel1/arm-none-eabi/bin/../lib/gcc/arm-none-eabi/13.2.1/thumb/v7-m/nofp/crtbegin.o
                0x2000000c                        . = ALIGN (0x4)

.bss            0x2000000c       0x24 load address 0x080012ec
                0x2000000c                        _sbss = .
                0x2000000c                        __bss_start__ = _sbss
 *(.bss)
 *(.bss*)
 .bss.completed.1
                0x2000000c        0x1 /Applications/ArmGNUToolchain/13.2.Rel1/arm-none-eabi/bin/../lib/gcc/arm-none-eabi/13.2.1/thumb/v7-m/nofp/crtbegin.o
 *fill*         0x2000000d        0x3 
 .bss.object.0  0x20000010       0x18 /Applications/ArmGNUToolchain/13.2.Rel1/arm-none-eabi/bin/../lib/gcc/arm-none-eabi/13.2.1/thumb/v7-m/nofp/crtbegin.o
 .bss.test      0x20000028        0x4 CMakeFiles/stm32f103c8t6_template.dir/Core/Src/main.c.obj
                0x20000028                test
 .bss.uwTick    0x2000002c        0x4 CMakeFiles/stm32f103c8t6_template.dir/Drivers/STM32F1xx_HAL_Driver/Src/stm32f1xx_hal.c.obj
                0x2000002c                uwTick
 *(COMMON)
                0x20000030                        . = ALIGN (0x4)
                0x20000030                        _ebss = .
                0x20000030                        __bss_end__ = _ebss

._user_heap_stack
                0x20000030      0x600 load address 0x080012ec
                0x20000030                        . = ALIGN (0x8)
                [!provide]                        PROVIDE (end = .)
                0x20000030                        PROVIDE (_end = .)
                0x20000230                        . = (. + _Min_Heap_Size)
 *fill*         0x20000030      0x200 
                0x20000630                        . = (. + _Min_Stack_Size)
 *fill*         0x20000230      0x400 
                0x20000630                        . = ALIGN (0x8)

/DISCARD/
 libc.a(*)
 libm.a(*)
 libgcc.a(*)

.ARM.attributes
                0x00000000       0x29
 *(.ARM.attributes)
 .ARM.attributes
                0x00000000       0x1d /Applications/ArmGNUToolchain/13.2.Rel1/arm-none-eabi/bin/../lib/gcc/arm-none-eabi/13.2.1/thumb/v7-m/nofp/crti.o
 .ARM.attributes
                0x0000001d       0x2d /Applications/ArmGNUToolchain/13.2.Rel1/arm-none-eabi/bin/../lib/gcc/arm-none-eabi/13.2.1/thumb/v7-m/nofp/crtbegin.o
 .ARM.attributes
                0x0000004a       0x2d /Applications/ArmGNUToolchain/13.2.Rel1/arm-none-eabi/bin/../lib/gcc/arm-none-eabi/13.2.1/../../../../arm-none-eabi/lib/thumb/v7-m/nofp/libc_nano.a(libc_a-memset.o)
 .ARM.attributes
                0x00000077       0x2d /Applications/ArmGNUToolchain/13.2.Rel1/arm-none-eabi/bin/../lib/gcc/arm-none-eabi/13.2.1/../../../../arm-none-eabi/lib/thumb/v7-m/nofp/libc_nano.a(libc_a-init.o)
 .ARM.attributes
                0x000000a4       0x2d CMakeFiles/stm32f103c8t6_template.dir/Core/Src/main.c.obj
 .ARM.attributes
                0x000000d1       0x2d CMakeFiles/stm32f103c8t6_template.dir/Core/Src/gpio.c.obj
 .ARM.attributes
                0x000000fe       0x2d CMakeFiles/stm32f103c8t6_template.dir/Core/Src/stm32f1xx_it.c.obj
 .ARM.attributes
                0x0000012b       0x2d CMakeFiles/stm32f103c8t6_template.dir/Core/Src/stm32f1xx_hal_msp.c.obj
 .ARM.attributes
                0x00000158       0x2d CMakeFiles/stm32f103c8t6_template.dir/Drivers/STM32F1xx_HAL_Driver/Src/stm32f1xx_hal.c.obj
 .ARM.attributes
                0x00000185       0x2d CMakeFiles/stm32f103c8t6_template.dir/Drivers/STM32F1xx_HAL_Driver/Src/stm32f1xx_hal_rcc.c.obj
 .ARM.attributes
                0x000001b2       0x2d CMakeFiles/stm32f103c8t6_template.dir/Drivers/STM32F1xx_HAL_Driver/Src/stm32f1xx_hal_gpio.c.obj
 .ARM.attributes
                0x000001df       0x2d CMakeFiles/stm32f103c8t6_template.dir/Drivers/STM32F1xx_HAL_Driver/Src/stm32f1xx_hal_cortex.c.obj
 .ARM.attributes
                0x0000020c       0x2d CMakeFiles/stm32f103c8t6_template.dir/Core/Src/system_stm32f1xx.c.obj
 .ARM.attributes
                0x00000239       0x21 CMakeFiles/stm32f103c8t6_template.dir/startup_stm32f103xb.s.obj
 .ARM.attributes
                0x0000025a       0x2d /Applications/ArmGNUToolchain/13.2.Rel1/arm-none-eabi/bin/../lib/gcc/arm-none-eabi/13.2.1/thumb/v7-m/nofp/crtend.o
 .ARM.attributes
                0x00000287       0x1d /Applications/ArmGNUToolchain/13.2.Rel1/arm-none-eabi/bin/../lib/gcc/arm-none-eabi/13.2.1/thumb/v7-m/nofp/crtn.o
OUTPUT(stm32f103c8t6_template.elf elf32-littlearm)
LOAD linker stubs
LOAD /Applications/ArmGNUToolchain/13.2.Rel1/arm-none-eabi/bin/../lib/gcc/arm-none-eabi/13.2.1/../../../../arm-none-eabi/lib/thumb/v7-m/nofp/libc.a
LOAD /Applications/ArmGNUToolchain/13.2.Rel1/arm-none-eabi/bin/../lib/gcc/arm-none-eabi/13.2.1/../../../../arm-none-eabi/lib/thumb/v7-m/nofp/libm.a
LOAD /Applications/ArmGNUToolchain/13.2.Rel1/arm-none-eabi/bin/../lib/gcc/arm-none-eabi/13.2.1/thumb/v7-m/nofp/libgcc.a

.debug_frame    0x00000000      0xd3c
 .debug_frame   0x00000000       0x20 /Applications/ArmGNUToolchain/13.2.Rel1/arm-none-eabi/bin/../lib/gcc/arm-none-eabi/13.2.1/../../../../arm-none-eabi/lib/thumb/v7-m/nofp/libc_nano.a(libc_a-memset.o)
 .debug_frame   0x00000020       0x2c /Applications/ArmGNUToolchain/13.2.Rel1/arm-none-eabi/bin/../lib/gcc/arm-none-eabi/13.2.1/../../../../arm-none-eabi/lib/thumb/v7-m/nofp/libc_nano.a(libc_a-init.o)
 .debug_frame   0x0000004c       0x68 CMakeFiles/stm32f103c8t6_template.dir/Core/Src/main.c.obj
 .debug_frame   0x000000b4       0x34 CMakeFiles/stm32f103c8t6_template.dir/Core/Src/gpio.c.obj
 .debug_frame   0x000000e8      0x104 CMakeFiles/stm32f103c8t6_template.dir/Core/Src/stm32f1xx_it.c.obj
 .debug_frame   0x000001ec       0x38 CMakeFiles/stm32f103c8t6_template.dir/Core/Src/stm32f1xx_hal_msp.c.obj
 .debug_frame   0x00000224      0x334 CMakeFiles/stm32f103c8t6_template.dir/Drivers/STM32F1xx_HAL_Driver/Src/stm32f1xx_hal.c.obj
 .debug_frame   0x00000558      0x218 CMakeFiles/stm32f103c8t6_template.dir/Drivers/STM32F1xx_HAL_Driver/Src/stm32f1xx_hal_rcc.c.obj
 .debug_frame   0x00000770      0x14c CMakeFiles/stm32f103c8t6_template.dir/Drivers/STM32F1xx_HAL_Driver/Src/stm32f1xx_hal_gpio.c.obj
 .debug_frame   0x000008bc      0x428 CMakeFiles/stm32f103c8t6_template.dir/Drivers/STM32F1xx_HAL_Driver/Src/stm32f1xx_hal_cortex.c.obj
 .debug_frame   0x00000ce4       0x58 CMakeFiles/stm32f103c8t6_template.dir/Core/Src/system_stm32f1xx.c.obj

.debug_info     0x00000000     0x2a9e
 .debug_info    0x00000000      0x36a CMakeFiles/stm32f103c8t6_template.dir/Core/Src/main.c.obj
 .debug_info    0x0000036a      0x2d3 CMakeFiles/stm32f103c8t6_template.dir/Core/Src/gpio.c.obj
 .debug_info    0x0000063d      0x113 CMakeFiles/stm32f103c8t6_template.dir/Core/Src/stm32f1xx_it.c.obj
 .debug_info    0x00000750      0x1f1 CMakeFiles/stm32f103c8t6_template.dir/Core/Src/stm32f1xx_hal_msp.c.obj
 .debug_info    0x00000941      0x704 CMakeFiles/stm32f103c8t6_template.dir/Drivers/STM32F1xx_HAL_Driver/Src/stm32f1xx_hal.c.obj
 .debug_info    0x00001045      0x7d5 CMakeFiles/stm32f103c8t6_template.dir/Drivers/STM32F1xx_HAL_Driver/Src/stm32f1xx_hal_rcc.c.obj
 .debug_info    0x0000181a      0x5ab CMakeFiles/stm32f103c8t6_template.dir/Drivers/STM32F1xx_HAL_Driver/Src/stm32f1xx_hal_gpio.c.obj
 .debug_info    0x00001dc5      0xa87 CMakeFiles/stm32f103c8t6_template.dir/Drivers/STM32F1xx_HAL_Driver/Src/stm32f1xx_hal_cortex.c.obj
 .debug_info    0x0000284c      0x222 CMakeFiles/stm32f103c8t6_template.dir/Core/Src/system_stm32f1xx.c.obj
 .debug_info    0x00002a6e       0x30 CMakeFiles/stm32f103c8t6_template.dir/startup_stm32f103xb.s.obj

.debug_abbrev   0x00000000      0xf50
 .debug_abbrev  0x00000000      0x1ea CMakeFiles/stm32f103c8t6_template.dir/Core/Src/main.c.obj
 .debug_abbrev  0x000001ea      0x13f CMakeFiles/stm32f103c8t6_template.dir/Core/Src/gpio.c.obj
 .debug_abbrev  0x00000329       0x73 CMakeFiles/stm32f103c8t6_template.dir/Core/Src/stm32f1xx_it.c.obj
 .debug_abbrev  0x0000039c       0xdb CMakeFiles/stm32f103c8t6_template.dir/Core/Src/stm32f1xx_hal_msp.c.obj
 .debug_abbrev  0x00000477      0x201 CMakeFiles/stm32f103c8t6_template.dir/Drivers/STM32F1xx_HAL_Driver/Src/stm32f1xx_hal.c.obj
 .debug_abbrev  0x00000678      0x2b3 CMakeFiles/stm32f103c8t6_template.dir/Drivers/STM32F1xx_HAL_Driver/Src/stm32f1xx_hal_rcc.c.obj
 .debug_abbrev  0x0000092b      0x1ca CMakeFiles/stm32f103c8t6_template.dir/Drivers/STM32F1xx_HAL_Driver/Src/stm32f1xx_hal_gpio.c.obj
 .debug_abbrev  0x00000af5      0x2f8 CMakeFiles/stm32f103c8t6_template.dir/Drivers/STM32F1xx_HAL_Driver/Src/stm32f1xx_hal_cortex.c.obj
 .debug_abbrev  0x00000ded      0x13f CMakeFiles/stm32f103c8t6_template.dir/Core/Src/system_stm32f1xx.c.obj
 .debug_abbrev  0x00000f2c       0x24 CMakeFiles/stm32f103c8t6_template.dir/startup_stm32f103xb.s.obj

.debug_aranges  0x00000000      0x3e8
 .debug_aranges
                0x00000000       0x30 CMakeFiles/stm32f103c8t6_template.dir/Core/Src/main.c.obj
 .debug_aranges
                0x00000030       0x20 CMakeFiles/stm32f103c8t6_template.dir/Core/Src/gpio.c.obj
 .debug_aranges
                0x00000050       0x60 CMakeFiles/stm32f103c8t6_template.dir/Core/Src/stm32f1xx_it.c.obj
 .debug_aranges
                0x000000b0       0x20 CMakeFiles/stm32f103c8t6_template.dir/Core/Src/stm32f1xx_hal_msp.c.obj
 .debug_aranges
                0x000000d0       0xe0 CMakeFiles/stm32f103c8t6_template.dir/Drivers/STM32F1xx_HAL_Driver/Src/stm32f1xx_hal.c.obj
 .debug_aranges
                0x000001b0       0x90 CMakeFiles/stm32f103c8t6_template.dir/Drivers/STM32F1xx_HAL_Driver/Src/stm32f1xx_hal_rcc.c.obj
 .debug_aranges
                0x00000240       0x58 CMakeFiles/stm32f103c8t6_template.dir/Drivers/STM32F1xx_HAL_Driver/Src/stm32f1xx_hal_gpio.c.obj
 .debug_aranges
                0x00000298      0x100 CMakeFiles/stm32f103c8t6_template.dir/Drivers/STM32F1xx_HAL_Driver/Src/stm32f1xx_hal_cortex.c.obj
 .debug_aranges
                0x00000398       0x28 CMakeFiles/stm32f103c8t6_template.dir/Core/Src/system_stm32f1xx.c.obj
 .debug_aranges
                0x000003c0       0x28 CMakeFiles/stm32f103c8t6_template.dir/startup_stm32f103xb.s.obj

.debug_rnglists
                0x00000000      0x2c6
 .debug_rnglists
                0x00000000       0x20 CMakeFiles/stm32f103c8t6_template.dir/Core/Src/main.c.obj
 .debug_rnglists
                0x00000020       0x14 CMakeFiles/stm32f103c8t6_template.dir/Core/Src/gpio.c.obj
 .debug_rnglists
                0x00000034       0x43 CMakeFiles/stm32f103c8t6_template.dir/Core/Src/stm32f1xx_it.c.obj
 .debug_rnglists
                0x00000077       0x13 CMakeFiles/stm32f103c8t6_template.dir/Core/Src/stm32f1xx_hal_msp.c.obj
 .debug_rnglists
                0x0000008a       0xa3 CMakeFiles/stm32f103c8t6_template.dir/Drivers/STM32F1xx_HAL_Driver/Src/stm32f1xx_hal.c.obj
 .debug_rnglists
                0x0000012d       0x6c CMakeFiles/stm32f103c8t6_template.dir/Drivers/STM32F1xx_HAL_Driver/Src/stm32f1xx_hal_rcc.c.obj
 .debug_rnglists
                0x00000199       0x3f CMakeFiles/stm32f103c8t6_template.dir/Drivers/STM32F1xx_HAL_Driver/Src/stm32f1xx_hal_gpio.c.obj
 .debug_rnglists
                0x000001d8       0xbb CMakeFiles/stm32f103c8t6_template.dir/Drivers/STM32F1xx_HAL_Driver/Src/stm32f1xx_hal_cortex.c.obj
 .debug_rnglists
                0x00000293       0x1a CMakeFiles/stm32f103c8t6_template.dir/Core/Src/system_stm32f1xx.c.obj
 .debug_rnglists
                0x000002ad       0x19 CMakeFiles/stm32f103c8t6_template.dir/startup_stm32f103xb.s.obj

.debug_macro    0x00000000    0x15afe
 .debug_macro   0x00000000      0x19c CMakeFiles/stm32f103c8t6_template.dir/Core/Src/main.c.obj
 .debug_macro   0x0000019c      0xacc CMakeFiles/stm32f103c8t6_template.dir/Core/Src/main.c.obj
 .debug_macro   0x00000c68      0x20f CMakeFiles/stm32f103c8t6_template.dir/Core/Src/main.c.obj
 .debug_macro   0x00000e77       0x2e CMakeFiles/stm32f103c8t6_template.dir/Core/Src/main.c.obj
 .debug_macro   0x00000ea5       0x22 CMakeFiles/stm32f103c8t6_template.dir/Core/Src/main.c.obj
 .debug_macro   0x00000ec7       0x22 CMakeFiles/stm32f103c8t6_template.dir/Core/Src/main.c.obj
 .debug_macro   0x00000ee9       0x8e CMakeFiles/stm32f103c8t6_template.dir/Core/Src/main.c.obj
 .debug_macro   0x00000f77       0x51 CMakeFiles/stm32f103c8t6_template.dir/Core/Src/main.c.obj
 .debug_macro   0x00000fc8      0x103 CMakeFiles/stm32f103c8t6_template.dir/Core/Src/main.c.obj
 .debug_macro   0x000010cb       0x6a CMakeFiles/stm32f103c8t6_template.dir/Core/Src/main.c.obj
 .debug_macro   0x00001135      0x1df CMakeFiles/stm32f103c8t6_template.dir/Core/Src/main.c.obj
 .debug_macro   0x00001314       0x1c CMakeFiles/stm32f103c8t6_template.dir/Core/Src/main.c.obj
 .debug_macro   0x00001330       0x22 CMakeFiles/stm32f103c8t6_template.dir/Core/Src/main.c.obj
 .debug_macro   0x00001352       0xbd CMakeFiles/stm32f103c8t6_template.dir/Core/Src/main.c.obj
 .debug_macro   0x0000140f      0xd23 CMakeFiles/stm32f103c8t6_template.dir/Core/Src/main.c.obj
 .debug_macro   0x00002132     0xe09e CMakeFiles/stm32f103c8t6_template.dir/Core/Src/main.c.obj
 .debug_macro   0x000101d0       0x6d CMakeFiles/stm32f103c8t6_template.dir/Core/Src/main.c.obj
 .debug_macro   0x0001023d     0x34a2 CMakeFiles/stm32f103c8t6_template.dir/Core/Src/main.c.obj
 .debug_macro   0x000136df      0x190 CMakeFiles/stm32f103c8t6_template.dir/Core/Src/main.c.obj
 .debug_macro   0x0001386f       0x5c CMakeFiles/stm32f103c8t6_template.dir/Core/Src/main.c.obj
 .debug_macro   0x000138cb      0x5bc CMakeFiles/stm32f103c8t6_template.dir/Core/Src/main.c.obj
 .debug_macro   0x00013e87      0x289 CMakeFiles/stm32f103c8t6_template.dir/Core/Src/main.c.obj
 .debug_macro   0x00014110      0x1cb CMakeFiles/stm32f103c8t6_template.dir/Core/Src/main.c.obj
 .debug_macro   0x000142db      0x114 CMakeFiles/stm32f103c8t6_template.dir/Core/Src/main.c.obj
 .debug_macro   0x000143ef      0x1b2 CMakeFiles/stm32f103c8t6_template.dir/Core/Src/main.c.obj
 .debug_macro   0x000145a1       0x27 CMakeFiles/stm32f103c8t6_template.dir/Core/Src/main.c.obj
 .debug_macro   0x000145c8      0x136 CMakeFiles/stm32f103c8t6_template.dir/Core/Src/main.c.obj
 .debug_macro   0x000146fe      0x1bc CMakeFiles/stm32f103c8t6_template.dir/Core/Src/main.c.obj
 .debug_macro   0x000148ba       0x34 CMakeFiles/stm32f103c8t6_template.dir/Core/Src/main.c.obj
 .debug_macro   0x000148ee       0x3c CMakeFiles/stm32f103c8t6_template.dir/Core/Src/main.c.obj
 .debug_macro   0x0001492a       0x57 CMakeFiles/stm32f103c8t6_template.dir/Core/Src/main.c.obj
 .debug_macro   0x00014981       0x87 CMakeFiles/stm32f103c8t6_template.dir/Core/Src/main.c.obj
 .debug_macro   0x00014a08      0x240 CMakeFiles/stm32f103c8t6_template.dir/Core/Src/main.c.obj
 .debug_macro   0x00014c48      0x140 CMakeFiles/stm32f103c8t6_template.dir/Core/Src/main.c.obj
 .debug_macro   0x00014d88       0x83 CMakeFiles/stm32f103c8t6_template.dir/Core/Src/main.c.obj
 .debug_macro   0x00014e0b      0x198 CMakeFiles/stm32f103c8t6_template.dir/Core/Src/gpio.c.obj
 .debug_macro   0x00014fa3      0x198 CMakeFiles/stm32f103c8t6_template.dir/Core/Src/stm32f1xx_it.c.obj
 .debug_macro   0x0001513b      0x18e CMakeFiles/stm32f103c8t6_template.dir/Core/Src/stm32f1xx_hal_msp.c.obj
 .debug_macro   0x000152c9      0x1a8 CMakeFiles/stm32f103c8t6_template.dir/Drivers/STM32F1xx_HAL_Driver/Src/stm32f1xx_hal.c.obj
 .debug_macro   0x00015471      0x196 CMakeFiles/stm32f103c8t6_template.dir/Drivers/STM32F1xx_HAL_Driver/Src/stm32f1xx_hal_rcc.c.obj
 .debug_macro   0x00015607      0x1ef CMakeFiles/stm32f103c8t6_template.dir/Drivers/STM32F1xx_HAL_Driver/Src/stm32f1xx_hal_gpio.c.obj
 .debug_macro   0x000157f6      0x184 CMakeFiles/stm32f103c8t6_template.dir/Drivers/STM32F1xx_HAL_Driver/Src/stm32f1xx_hal_cortex.c.obj
 .debug_macro   0x0001597a      0x184 CMakeFiles/stm32f103c8t6_template.dir/Core/Src/system_stm32f1xx.c.obj

.debug_line     0x00000000     0x4c2f
 .debug_line    0x00000000      0x6cd CMakeFiles/stm32f103c8t6_template.dir/Core/Src/main.c.obj
 .debug_line    0x000006cd      0x65a CMakeFiles/stm32f103c8t6_template.dir/Core/Src/gpio.c.obj
 .debug_line    0x00000d27      0x6ef CMakeFiles/stm32f103c8t6_template.dir/Core/Src/stm32f1xx_it.c.obj
 .debug_line    0x00001416      0x642 CMakeFiles/stm32f103c8t6_template.dir/Core/Src/stm32f1xx_hal_msp.c.obj
 .debug_line    0x00001a58      0x8f0 CMakeFiles/stm32f103c8t6_template.dir/Drivers/STM32F1xx_HAL_Driver/Src/stm32f1xx_hal.c.obj
 .debug_line    0x00002348      0xda9 CMakeFiles/stm32f103c8t6_template.dir/Drivers/STM32F1xx_HAL_Driver/Src/stm32f1xx_hal_rcc.c.obj
 .debug_line    0x000030f1      0x94d CMakeFiles/stm32f103c8t6_template.dir/Drivers/STM32F1xx_HAL_Driver/Src/stm32f1xx_hal_gpio.c.obj
 .debug_line    0x00003a3e      0xaba CMakeFiles/stm32f103c8t6_template.dir/Drivers/STM32F1xx_HAL_Driver/Src/stm32f1xx_hal_cortex.c.obj
 .debug_line    0x000044f8      0x6bf CMakeFiles/stm32f103c8t6_template.dir/Core/Src/system_stm32f1xx.c.obj
 .debug_line    0x00004bb7       0x78 CMakeFiles/stm32f103c8t6_template.dir/startup_stm32f103xb.s.obj

.debug_str      0x00000000    0x7be85
 .debug_str     0x00000000    0x7be85 CMakeFiles/stm32f103c8t6_template.dir/Core/Src/main.c.obj
                              0x7af7f (size before relaxing)
 .debug_str     0x0007be85    0x7ae73 CMakeFiles/stm32f103c8t6_template.dir/Core/Src/gpio.c.obj
 .debug_str     0x0007be85    0x7ae10 CMakeFiles/stm32f103c8t6_template.dir/Core/Src/stm32f1xx_it.c.obj
 .debug_str     0x0007be85    0x7adfb CMakeFiles/stm32f103c8t6_template.dir/Core/Src/stm32f1xx_hal_msp.c.obj
 .debug_str     0x0007be85    0x7b559 CMakeFiles/stm32f103c8t6_template.dir/Drivers/STM32F1xx_HAL_Driver/Src/stm32f1xx_hal.c.obj
 .debug_str     0x0007be85    0x7b255 CMakeFiles/stm32f103c8t6_template.dir/Drivers/STM32F1xx_HAL_Driver/Src/stm32f1xx_hal_rcc.c.obj
 .debug_str     0x0007be85    0x7b1ac CMakeFiles/stm32f103c8t6_template.dir/Drivers/STM32F1xx_HAL_Driver/Src/stm32f1xx_hal_gpio.c.obj
 .debug_str     0x0007be85    0x7b4a5 CMakeFiles/stm32f103c8t6_template.dir/Drivers/STM32F1xx_HAL_Driver/Src/stm32f1xx_hal_cortex.c.obj
 .debug_str     0x0007be85    0x7ae26 CMakeFiles/stm32f103c8t6_template.dir/Core/Src/system_stm32f1xx.c.obj
 .debug_str     0x0007be85       0xa4 CMakeFiles/stm32f103c8t6_template.dir/startup_stm32f103xb.s.obj

.comment        0x00000000       0x44
 .comment       0x00000000       0x44 CMakeFiles/stm32f103c8t6_template.dir/Core/Src/main.c.obj
                                 0x45 (size before relaxing)
 .comment       0x00000044       0x45 CMakeFiles/stm32f103c8t6_template.dir/Core/Src/gpio.c.obj
 .comment       0x00000044       0x45 CMakeFiles/stm32f103c8t6_template.dir/Core/Src/stm32f1xx_it.c.obj
 .comment       0x00000044       0x45 CMakeFiles/stm32f103c8t6_template.dir/Core/Src/stm32f1xx_hal_msp.c.obj
 .comment       0x00000044       0x45 CMakeFiles/stm32f103c8t6_template.dir/Drivers/STM32F1xx_HAL_Driver/Src/stm32f1xx_hal.c.obj
 .comment       0x00000044       0x45 CMakeFiles/stm32f103c8t6_template.dir/Drivers/STM32F1xx_HAL_Driver/Src/stm32f1xx_hal_rcc.c.obj
 .comment       0x00000044       0x45 CMakeFiles/stm32f103c8t6_template.dir/Drivers/STM32F1xx_HAL_Driver/Src/stm32f1xx_hal_gpio.c.obj
 .comment       0x00000044       0x45 CMakeFiles/stm32f103c8t6_template.dir/Drivers/STM32F1xx_HAL_Driver/Src/stm32f1xx_hal_cortex.c.obj
 .comment       0x00000044       0x45 CMakeFiles/stm32f103c8t6_template.dir/Core/Src/system_stm32f1xx.c.obj

.debug_line_str
                0x00000000       0x88
 .debug_line_str
                0x00000000       0x88 CMakeFiles/stm32f103c8t6_template.dir/startup_stm32f103xb.s.obj
